Archive member included because of file (symbol)

c:/program files/microchip/xc32/v1.40/bin/bin/../../lib/gcc/pic32mx/4.8.3/../../../../pic32mx/lib\libpic32.a(default-on-reset.o)
                              c:/program files/microchip/xc32/v1.40/bin/bin/../../lib/gcc/pic32mx/4.8.3/../../../../pic32mx/lib/./proc/32MX575F512H/crt0_mips32r2.o (_on_reset)
c:/program files/microchip/xc32/v1.40/bin/bin/../../lib/gcc/pic32mx/4.8.3/../../../../pic32mx/lib\libpic32.a(default-on-bootstrap.o)
                              c:/program files/microchip/xc32/v1.40/bin/bin/../../lib/gcc/pic32mx/4.8.3/../../../../pic32mx/lib/./proc/32MX575F512H/crt0_mips32r2.o (_on_bootstrap)
c:/program files/microchip/xc32/v1.40/bin/bin/../../lib/gcc/pic32mx/4.8.3/../../../../pic32mx/lib\libpic32.a(default-nmi-handler.o)
                              c:/program files/microchip/xc32/v1.40/bin/bin/../../lib/gcc/pic32mx/4.8.3/../../../../pic32mx/lib/./proc/32MX575F512H/crt0_mips32r2.o (_nmi_handler)
c:/program files/microchip/xc32/v1.40/bin/bin/../../lib/gcc/pic32mx/4.8.3/../../../../pic32mx/lib\libpic32.a(general-exception.o)
                              c:/program files/microchip/xc32/v1.40/bin/bin/../../lib/gcc/pic32mx/4.8.3/../../../../pic32mx/lib/./proc/32MX575F512H/crt0_mips32r2.o (_general_exception_context)
c:/program files/microchip/xc32/v1.40/bin/bin/../../lib/gcc/pic32mx/4.8.3/../../../../pic32mx/lib\libpic32.a(vector0.o)
                              c:/program files/microchip/xc32/v1.40/bin/bin/../../lib/gcc/pic32mx/4.8.3/../../../../pic32mx/lib/./proc/32MX575F512H\default_isr_vectors.o (__vector_dispatch_0)
c:/program files/microchip/xc32/v1.40/bin/bin/../../lib/gcc/pic32mx/4.8.3/../../../../pic32mx/lib\libpic32.a(vector1.o)
                              c:/program files/microchip/xc32/v1.40/bin/bin/../../lib/gcc/pic32mx/4.8.3/../../../../pic32mx/lib/./proc/32MX575F512H\default_isr_vectors.o (__vector_dispatch_1)
c:/program files/microchip/xc32/v1.40/bin/bin/../../lib/gcc/pic32mx/4.8.3/../../../../pic32mx/lib\libpic32.a(vector2.o)
                              c:/program files/microchip/xc32/v1.40/bin/bin/../../lib/gcc/pic32mx/4.8.3/../../../../pic32mx/lib/./proc/32MX575F512H\default_isr_vectors.o (__vector_dispatch_2)
c:/program files/microchip/xc32/v1.40/bin/bin/../../lib/gcc/pic32mx/4.8.3/../../../../pic32mx/lib\libpic32.a(vector3.o)
                              c:/program files/microchip/xc32/v1.40/bin/bin/../../lib/gcc/pic32mx/4.8.3/../../../../pic32mx/lib/./proc/32MX575F512H\default_isr_vectors.o (__vector_dispatch_3)
c:/program files/microchip/xc32/v1.40/bin/bin/../../lib/gcc/pic32mx/4.8.3/../../../../pic32mx/lib\libpic32.a(vector4.o)
                              c:/program files/microchip/xc32/v1.40/bin/bin/../../lib/gcc/pic32mx/4.8.3/../../../../pic32mx/lib/./proc/32MX575F512H\default_isr_vectors.o (__vector_dispatch_4)
c:/program files/microchip/xc32/v1.40/bin/bin/../../lib/gcc/pic32mx/4.8.3/../../../../pic32mx/lib\libpic32.a(vector5.o)
                              c:/program files/microchip/xc32/v1.40/bin/bin/../../lib/gcc/pic32mx/4.8.3/../../../../pic32mx/lib/./proc/32MX575F512H\default_isr_vectors.o (__vector_dispatch_5)
c:/program files/microchip/xc32/v1.40/bin/bin/../../lib/gcc/pic32mx/4.8.3/../../../../pic32mx/lib\libpic32.a(vector6.o)
                              c:/program files/microchip/xc32/v1.40/bin/bin/../../lib/gcc/pic32mx/4.8.3/../../../../pic32mx/lib/./proc/32MX575F512H\default_isr_vectors.o (__vector_dispatch_6)
c:/program files/microchip/xc32/v1.40/bin/bin/../../lib/gcc/pic32mx/4.8.3/../../../../pic32mx/lib\libpic32.a(vector7.o)
                              c:/program files/microchip/xc32/v1.40/bin/bin/../../lib/gcc/pic32mx/4.8.3/../../../../pic32mx/lib/./proc/32MX575F512H\default_isr_vectors.o (__vector_dispatch_7)
c:/program files/microchip/xc32/v1.40/bin/bin/../../lib/gcc/pic32mx/4.8.3/../../../../pic32mx/lib\libpic32.a(vector8.o)
                              c:/program files/microchip/xc32/v1.40/bin/bin/../../lib/gcc/pic32mx/4.8.3/../../../../pic32mx/lib/./proc/32MX575F512H\default_isr_vectors.o (__vector_dispatch_8)
c:/program files/microchip/xc32/v1.40/bin/bin/../../lib/gcc/pic32mx/4.8.3/../../../../pic32mx/lib\libpic32.a(vector9.o)
                              c:/program files/microchip/xc32/v1.40/bin/bin/../../lib/gcc/pic32mx/4.8.3/../../../../pic32mx/lib/./proc/32MX575F512H\default_isr_vectors.o (__vector_dispatch_9)
c:/program files/microchip/xc32/v1.40/bin/bin/../../lib/gcc/pic32mx/4.8.3/../../../../pic32mx/lib\libpic32.a(vector10.o)
                              c:/program files/microchip/xc32/v1.40/bin/bin/../../lib/gcc/pic32mx/4.8.3/../../../../pic32mx/lib/./proc/32MX575F512H\default_isr_vectors.o (__vector_dispatch_10)
c:/program files/microchip/xc32/v1.40/bin/bin/../../lib/gcc/pic32mx/4.8.3/../../../../pic32mx/lib\libpic32.a(vector11.o)
[...]
Memory Configuration

Name             Origin             Length             Attributes
kseg0_program_mem 0x9d000000         0x00080000         xr
kseg0_boot_mem   0x9fc00490         0x00000970
exception_mem    0x9fc01000         0x00001000
kseg1_boot_mem   0xbfc00000         0x00000490
debug_exec_mem   0xbfc02000         0x00000ff0
config3          0xbfc02ff0         0x00000004
config2          0xbfc02ff4         0x00000004
config1          0xbfc02ff8         0x00000004
config0          0xbfc02ffc         0x00000004
kseg1_data_mem   0xa0000000         0x00010000         w !x
sfrs             0xbf800000         0x00100000
configsfrs       0xbfc02ff0         0x00000010
*default*        0x00000000         0xffffffff

Linker script and memory map

LOAD c:/program files/microchip/xc32/v1.40/bin/bin/../../lib/gcc/pic32mx/4.8.3/../../../../pic32mx/lib/./proc/32MX575F512H/crt0_mips32r2.o
LOAD c:/program files/microchip/xc32/v1.40/bin/bin/../../lib/gcc/pic32mx/4.8.3/../../../../pic32mx/lib\debug-exception-return.o
LOAD build/default/production/_ext/60165520/plib_clk.o
LOAD build/default/production/_ext/1249264884/plib_coretimer.o
LOAD build/default/production/_ext/1865200349/plib_evic.o
LOAD build/default/production/_ext/1865254177/plib_gpio.o
LOAD build/default/production/_ext/1865657120/plib_uart3.o
LOAD build/default/production/_ext/1865657120/plib_uart1.o
LOAD build/default/production/_ext/1865657120/plib_uart2.o
LOAD build/default/production/_ext/163028504/xc32_monitor.o
LOAD build/default/production/_ext/1171490990/initialization.o
LOAD build/default/production/_ext/1171490990/interrupts.o
LOAD build/default/production/_ext/1171490990/exceptions.o
LOAD build/default/production/_ext/1360937237/main.o
                0x00000001                __MPLAB_BUILD = 0x1
                0x00000400                PROVIDE (_min_stack_size, 0x400)
START GROUP
LOAD c:/program files/microchip/xc32/v1.40/bin/bin/../../lib/gcc/pic32mx/4.8.3/../../../../pic32mx/lib/./proc/32MX575F512H\processor.o
END GROUP
START GROUP
LOAD c:/program files/microchip/xc32/v1.40/bin/bin/../../lib/gcc/pic32mx/4.8.3/../../../../pic32mx/lib\libmchp_peripheral.a
END GROUP
START GROUP
LOAD c:/program files/microchip/xc32/v1.40/bin/bin/../../lib/gcc/pic32mx/4.8.3/../../../../pic32mx/lib\libmchp_peripheral_32MX575F512H.a
END GROUP
                0x00000001                PROVIDE (_vector_spacing, 0x1)
                0x9fc01000                PROVIDE (_ebase_address, 0x9fc01000)
                0xbfc00000                _RESET_ADDR = 0xbfc00000
                0xbfc00380                _BEV_EXCPT_ADDR = 0xbfc00380
                0xbfc00480                _DBG_EXCPT_ADDR = 0xbfc00480
                0xbfc02000                _DBG_CODE_ADDR = 0xbfc02000
                0x00000ff0                _DBG_CODE_SIZE = 0xff0
                0x9fc01180                _GEN_EXCPT_ADDR = (_ebase_address + 0x180)

.config_BFC02FF0
                0xbfc02ff0        0x4
 *(.config_BFC02FF0)
 .config_BFC02FF0
                0xbfc02ff0        0x4 build/default/production/_ext/1171490990/initialization.o

.config_BFC02FF4
                0xbfc02ff4        0x4
 *(.config_BFC02FF4)
 .config_BFC02FF4
                0xbfc02ff4        0x4 build/default/production/_ext/1171490990/initialization.o

.config_BFC02FF8
                0xbfc02ff8        0x4
 *(.config_BFC02FF8)
 .config_BFC02FF8
                0xbfc02ff8        0x4 build/default/production/_ext/1171490990/initialization.o

.config_BFC02FFC
                0xbfc02ffc        0x4
 *(.config_BFC02FFC)
 .config_BFC02FFC
                0xbfc02ffc        0x4 build/default/production/_ext/1171490990/initialization.o

.reset          0xbfc00000      0x1f4
 *(.reset)
 .reset         0xbfc00000        0x8 c:/program files/microchip/xc32/v1.40/bin/bin/../../lib/gcc/pic32mx/4.8.3/../../../../pic32mx/lib/./proc/32MX575F512H/crt0_mips32r2.o
                0xbfc00000                _reset
 *(.reset.startup)
 .reset.startup
                0xbfc00008      0x1ec c:/program files/microchip/xc32/v1.40/bin/bin/../../lib/gcc/pic32mx/4.8.3/../../../../pic32mx/lib/./proc/32MX575F512H/crt0_mips32r2.o

.bev_excpt      0xbfc00380       0x10
 *(.bev_handler)
 .bev_handler   0xbfc00380       0x10 c:/program files/microchip/xc32/v1.40/bin/bin/../../lib/gcc/pic32mx/4.8.3/../../../../pic32mx/lib/./proc/32MX575F512H/crt0_mips32r2.o

.dbg_excpt      0xbfc00480        0x0
                0xbfc00480                . = (. + DEFINED (_DEBUGGER)?0x8:0x0)

.dbg_code       0xbfc02000        0x0
                0xbfc02000                . = (. + DEFINED (_DEBUGGER)?_DBG_CODE_SIZE:0x0)

.app_excpt      0x9fc01180       0x10
 *(.gen_handler)
 .gen_handler   0x9fc01180       0x10 c:/program files/microchip/xc32/v1.40/bin/bin/../../lib/gcc/pic32mx/4.8.3/../../../../pic32mx/lib/./proc/32MX575F512H/crt0_mips32r2.o

.vector_0       0x9fc01200        0x8
 *(.vector_0)
 .vector_0      0x9fc01200        0x8 c:/program files/microchip/xc32/v1.40/bin/bin/../../lib/gcc/pic32mx/4.8.3/../../../../pic32mx/lib\libpic32.a(vector0.o)
                0x9fc01200                __vector_dispatch_0
                0x00000001                ASSERT (((_vector_spacing == 0x0) || (SIZEOF (.vector_0) <= (_vector_spacing << 0x5))), function at exception vector 0 too large)

.vector_1       0x9fc01220        0x8
 *(.vector_1)
 .vector_1      0x9fc01220        0x8 c:/program files/microchip/xc32/v1.40/bin/bin/../../lib/gcc/pic32mx/4.8.3/../../../../pic32mx/lib\libpic32.a(vector1.o)
                0x9fc01220                __vector_dispatch_1
                0x00000001                ASSERT (((_vector_spacing == 0x0) || (SIZEOF (.vector_1) <= (_vector_spacing << 0x5))), function at exception vector 1 too large)

.vector_2       0x9fc01240        0x8
 *(.vector_2)
 .vector_2      0x9fc01240        0x8 c:/program files/microchip/xc32/v1.40/bin/bin/../../lib/gcc/pic32mx/4.8.3/../../../../pic32mx/lib\libpic32.a(vector2.o)
                0x9fc01240                __vector_dispatch_2
                0x00000001                ASSERT (((_vector_spacing == 0x0) || (SIZEOF (.vector_2) <= (_vector_spacing << 0x5))), function at exception vector 2 too large)

.vector_3       0x9fc01260        0x8
 *(.vector_3)
 .vector_3      0x9fc01260        0x8 c:/program files/microchip/xc32/v1.40/bin/bin/../../lib/gcc/pic32mx/4.8.3/../../../../pic32mx/lib\libpic32.a(vector3.o)
                0x9fc01260                __vector_dispatch_3
                0x00000001                ASSERT (((_vector_spacing == 0x0) || (SIZEOF (.vector_3) <= (_vector_spacing << 0x5))), function at exception vector 3 too large)

.vector_4       0x9fc01280        0x8
 *(.vector_4)
 .vector_4      0x9fc01280        0x8 c:/program files/microchip/xc32/v1.40/bin/bin/../../lib/gcc/pic32mx/4.8.3/../../../../pic32mx/lib\libpic32.a(vector4.o)
                0x9fc01280                __vector_dispatch_4
                0x00000001                ASSERT (((_vector_spacing == 0x0) || (SIZEOF (.vector_4) <= (_vector_spacing << 0x5))), function at exception vector 4 too large)

.vector_5       0x9fc012a0        0x8
 *(.vector_5)
 .vector_5      0x9fc012a0        0x8 c:/program files/microchip/xc32/v1.40/bin/bin/../../lib/gcc/pic32mx/4.8.3/../../../../pic32mx/lib\libpic32.a(vector5.o)
                0x9fc012a0                __vector_dispatch_5
                0x00000001                ASSERT (((_vector_spacing == 0x0) || (SIZEOF (.vector_5) <= (_vector_spacing << 0x5))), function at exception vector 5 too large)

.vector_6       0x9fc012c0        0x8
 *(.vector_6)
 .vector_6      0x9fc012c0        0x8 c:/program files/microchip/xc32/v1.40/bin/bin/../../lib/gcc/pic32mx/4.8.3/../../../../pic32mx/lib\libpic32.a(vector6.o)
                0x9fc012c0                __vector_dispatch_6
                0x00000001                ASSERT (((_vector_spacing == 0x0) || (SIZEOF (.vector_6) <= (_vector_spacing << 0x5))), function at exception vector 6 too large)

.vector_7       0x9fc012e0        0x8
 *(.vector_7)
 .vector_7      0x9fc012e0        0x8 c:/program files/microchip/xc32/v1.40/bin/bin/../../lib/gcc/pic32mx/4.8.3/../../../../pic32mx/lib\libpic32.a(vector7.o)
                0x9fc012e0                __vector_dispatch_7
                0x00000001                ASSERT (((_vector_spacing == 0x0) || (SIZEOF (.vector_7) <= (_vector_spacing << 0x5))), function at exception vector 7 too large)

.vector_8       0x9fc01300        0x8
 *(.vector_8)
 .vector_8      0x9fc01300        0x8 c:/program files/microchip/xc32/v1.40/bin/bin/../../lib/gcc/pic32mx/4.8.3/../../../../pic32mx/lib\libpic32.a(vector8.o)
                0x9fc01300                __vector_dispatch_8
                0x00000001                ASSERT (((_vector_spacing == 0x0) || (SIZEOF (.vector_8) <= (_vector_spacing << 0x5))), function at exception vector 8 too large)

.vector_9       0x9fc01320        0x8
 *(.vector_9)
 .vector_9      0x9fc01320        0x8 c:/program files/microchip/xc32/v1.40/bin/bin/../../lib/gcc/pic32mx/4.8.3/../../../../pic32mx/lib\libpic32.a(vector9.o)
                0x9fc01320                __vector_dispatch_9
                0x00000001                ASSERT (((_vector_spacing == 0x0) || (SIZEOF (.vector_9) <= (_vector_spacing << 0x5))), function at exception vector 9 too large)

.vector_10      0x9fc01340        0x8
 *(.vector_10)
 .vector_10     0x9fc01340        0x8 c:/program files/microchip/xc32/v1.40/bin/bin/../../lib/gcc/pic32mx/4.8.3/../../../../pic32mx/lib\libpic32.a(vector10.o)
                0x9fc01340                __vector_dispatch_10
                0x00000001                ASSERT (((_vector_spacing == 0x0) || (SIZEOF (.vector_10) <= (_vector_spacing << 0x5))), function at exception vector 10 too large)

.vector_11      0x9fc01360        0x8
 *(.vector_11)
 .vector_11     0x9fc01360        0x8 c:/program files/microchip/xc32/v1.40/bin/bin/../../lib/gcc/pic32mx/4.8.3/../../../../pic32mx/lib\libpic32.a(vector11.o)
                0x9fc01360                __vector_dispatch_11
                0x00000001                ASSERT (((_vector_spacing == 0x0) || (SIZEOF (.vector_11) <= (_vector_spacing << 0x5))), function at exception vector 11 too large)

.vector_12      0x9fc01380        0x8
 *(.vector_12)
 .vector_12     0x9fc01380        0x8 c:/program files/microchip/xc32/v1.40/bin/bin/../../lib/gcc/pic32mx/4.8.3/../../../../pic32mx/lib\libpic32.a(vector12.o)
                0x9fc01380                __vector_dispatch_12
                0x00000001                ASSERT (((_vector_spacing == 0x0) || (SIZEOF (.vector_12) <= (_vector_spacing << 0x5))), function at exception vector 12 too large)

.vector_13      0x9fc013a0        0x8
 *(.vector_13)
 .vector_13     0x9fc013a0        0x8 c:/program files/microchip/xc32/v1.40/bin/bin/../../lib/gcc/pic32mx/4.8.3/../../../../pic32mx/lib\libpic32.a(vector13.o)
                0x9fc013a0                __vector_dispatch_13
                0x00000001                ASSERT (((_vector_spacing == 0x0) || (SIZEOF (.vector_13) <= (_vector_spacing << 0x5))), function at exception vector 13 too large)

.vector_14      0x9fc013c0        0x8
 *(.vector_14)
 .vector_14     0x9fc013c0        0x8 c:/program files/microchip/xc32/v1.40/bin/bin/../../lib/gcc/pic32mx/4.8.3/../../../../pic32mx/lib\libpic32.a(vector14.o)
                0x9fc013c0                __vector_dispatch_14
                0x00000001                ASSERT (((_vector_spacing == 0x0) || (SIZEOF (.vector_14) <= (_vector_spacing << 0x5))), function at exception vector 14 too large)

.vector_15      0x9fc013e0        0x8
 *(.vector_15)
 .vector_15     0x9fc013e0        0x8 c:/program files/microchip/xc32/v1.40/bin/bin/../../lib/gcc/pic32mx/4.8.3/../../../../pic32mx/lib\libpic32.a(vector15.o)
                0x9fc013e0                __vector_dispatch_15
                0x00000001                ASSERT (((_vector_spacing == 0x0) || (SIZEOF (.vector_15) <= (_vector_spacing << 0x5))), function at exception vector 15 too large)

.vector_16      0x9fc01400        0x8
 *(.vector_16)
 .vector_16     0x9fc01400        0x8 c:/program files/microchip/xc32/v1.40/bin/bin/../../lib/gcc/pic32mx/4.8.3/../../../../pic32mx/lib\libpic32.a(vector16.o)
                0x9fc01400                __vector_dispatch_16
                0x00000001                ASSERT (((_vector_spacing == 0x0) || (SIZEOF (.vector_16) <= (_vector_spacing << 0x5))), function at exception vector 16 too large)

.vector_17      0x9fc01420        0x8
 *(.vector_17)
 .vector_17     0x9fc01420        0x8 c:/program files/microchip/xc32/v1.40/bin/bin/../../lib/gcc/pic32mx/4.8.3/../../../../pic32mx/lib\libpic32.a(vector17.o)
                0x9fc01420                __vector_dispatch_17
                0x00000001                ASSERT (((_vector_spacing == 0x0) || (SIZEOF (.vector_17) <= (_vector_spacing << 0x5))), function at exception vector 17 too large)

.vector_18      0x9fc01440        0x8
 *(.vector_18)
 .vector_18     0x9fc01440        0x8 c:/program files/microchip/xc32/v1.40/bin/bin/../../lib/gcc/pic32mx/4.8.3/../../../../pic32mx/lib\libpic32.a(vector18.o)
                0x9fc01440                __vector_dispatch_18
                0x00000001                ASSERT (((_vector_spacing == 0x0) || (SIZEOF (.vector_18) <= (_vector_spacing << 0x5))), function at exception vector 18 too large)

.vector_19      0x9fc01460        0x8
 *(.vector_19)
 .vector_19     0x9fc01460        0x8 c:/program files/microchip/xc32/v1.40/bin/bin/../../lib/gcc/pic32mx/4.8.3/../../../../pic32mx/lib\libpic32.a(vector19.o)
                0x9fc01460                __vector_dispatch_19
                0x00000001                ASSERT (((_vector_spacing == 0x0) || (SIZEOF (.vector_19) <= (_vector_spacing << 0x5))), function at exception vector 19 too large)

.vector_20      0x9fc01480        0x8
 *(.vector_20)
 .vector_20     0x9fc01480        0x8 c:/program files/microchip/xc32/v1.40/bin/bin/../../lib/gcc/pic32mx/4.8.3/../../../../pic32mx/lib\libpic32.a(vector20.o)
                0x9fc01480                __vector_dispatch_20
                0x00000001                ASSERT (((_vector_spacing == 0x0) || (SIZEOF (.vector_20) <= (_vector_spacing << 0x5))), function at exception vector 20 too large)

.vector_21      0x9fc014a0        0x8
 *(.vector_21)
 .vector_21     0x9fc014a0        0x8 c:/program files/microchip/xc32/v1.40/bin/bin/../../lib/gcc/pic32mx/4.8.3/../../../../pic32mx/lib\libpic32.a(vector21.o)
                0x9fc014a0                __vector_dispatch_21
                0x00000001                ASSERT (((_vector_spacing == 0x0) || (SIZEOF (.vector_21) <= (_vector_spacing << 0x5))), function at exception vector 21 too large)

.vector_22      0x9fc014c0        0x8
 *(.vector_22)
 .vector_22     0x9fc014c0        0x8 c:/program files/microchip/xc32/v1.40/bin/bin/../../lib/gcc/pic32mx/4.8.3/../../../../pic32mx/lib\libpic32.a(vector22.o)
                0x9fc014c0                __vector_dispatch_22
                0x00000001                ASSERT (((_vector_spacing == 0x0) || (SIZEOF (.vector_22) <= (_vector_spacing << 0x5))), function at exception vector 22 too large)

.vector_23      0x9fc014e0        0x8
 *(.vector_23)
 .vector_23     0x9fc014e0        0x8 c:/program files/microchip/xc32/v1.40/bin/bin/../../lib/gcc/pic32mx/4.8.3/../../../../pic32mx/lib\libpic32.a(vector23.o)
                0x9fc014e0                __vector_dispatch_23
                0x00000001                ASSERT (((_vector_spacing == 0x0) || (SIZEOF (.vector_23) <= (_vector_spacing << 0x5))), function at exception vector 23 too large)

.vector_24      0x9fc01500        0x8
 *(.vector_24)
 .vector_24     0x9fc01500        0x8 build/default/production/_ext/1171490990/interrupts.o
                0x9fc01500                __vector_dispatch_24
                0x00000001                ASSERT (((_vector_spacing == 0x0) || (SIZEOF (.vector_24) <= (_vector_spacing << 0x5))), function at exception vector 24 too large)

.vector_25      0x9fc01520        0x8
 *(.vector_25)
 .vector_25     0x9fc01520        0x8 c:/program files/microchip/xc32/v1.40/bin/bin/../../lib/gcc/pic32mx/4.8.3/../../../../pic32mx/lib\libpic32.a(vector25.o)
                0x9fc01520                __vector_dispatch_25
                0x00000001                ASSERT (((_vector_spacing == 0x0) || (SIZEOF (.vector_25) <= (_vector_spacing << 0x5))), function at exception vector 25 too large)

.vector_26      0x9fc01540        0x8
 *(.vector_26)
 .vector_26     0x9fc01540        0x8 c:/program files/microchip/xc32/v1.40/bin/bin/../../lib/gcc/pic32mx/4.8.3/../../../../pic32mx/lib\libpic32.a(vector26.o)
                0x9fc01540                __vector_dispatch_26
                0x00000001                ASSERT (((_vector_spacing == 0x0) || (SIZEOF (.vector_26) <= (_vector_spacing << 0x5))), function at exception vector 26 too large)

.vector_27      0x9fc01560        0x8
 *(.vector_27)
 .vector_27     0x9fc01560        0x8 c:/program files/microchip/xc32/v1.40/bin/bin/../../lib/gcc/pic32mx/4.8.3/../../../../pic32mx/lib\libpic32.a(vector27.o)
                0x9fc01560                __vector_dispatch_27
                0x00000001                ASSERT (((_vector_spacing == 0x0) || (SIZEOF (.vector_27) <= (_vector_spacing << 0x5))), function at exception vector 27 too large)

.vector_28      0x9fc01580        0x8
 *(.vector_28)
 .vector_28     0x9fc01580        0x8 c:/program files/microchip/xc32/v1.40/bin/bin/../../lib/gcc/pic32mx/4.8.3/../../../../pic32mx/lib\libpic32.a(vector28.o)
                0x9fc01580                __vector_dispatch_28
                0x00000001                ASSERT (((_vector_spacing == 0x0) || (SIZEOF (.vector_28) <= (_vector_spacing << 0x5))), function at exception vector 28 too large)

.vector_29      0x9fc015a0        0x8
 *(.vector_29)
 .vector_29     0x9fc015a0        0x8 c:/program files/microchip/xc32/v1.40/bin/bin/../../lib/gcc/pic32mx/4.8.3/../../../../pic32mx/lib\libpic32.a(vector29.o)
                0x9fc015a0                __vector_dispatch_29
                0x00000001                ASSERT (((_vector_spacing == 0x0) || (SIZEOF (.vector_29) <= (_vector_spacing << 0x5))), function at exception vector 29 too large)

.vector_30      0x9fc015c0        0x8
 *(.vector_30)
 .vector_30     0x9fc015c0        0x8 c:/program files/microchip/xc32/v1.40/bin/bin/../../lib/gcc/pic32mx/4.8.3/../../../../pic32mx/lib\libpic32.a(vector30.o)
                0x9fc015c0                __vector_dispatch_30
                0x00000001                ASSERT (((_vector_spacing == 0x0) || (SIZEOF (.vector_30) <= (_vector_spacing << 0x5))), function at exception vector 30 too large)

.vector_31      0x9fc015e0        0x8
 *(.vector_31)
 .vector_31     0x9fc015e0        0x8 build/default/production/_ext/1171490990/interrupts.o
                0x9fc015e0                __vector_dispatch_31
                0x00000001                ASSERT (((_vector_spacing == 0x0) || (SIZEOF (.vector_31) <= (_vector_spacing << 0x5))), function at exception vector 31 too large)

.vector_32      0x9fc01600        0x8
 *(.vector_32)
 .vector_32     0x9fc01600        0x8 build/default/production/_ext/1171490990/interrupts.o
                0x9fc01600                __vector_dispatch_32
                0x00000001                ASSERT (((_vector_spacing == 0x0) || (SIZEOF (.vector_32) <= (_vector_spacing << 0x5))), function at exception vector 32 too large)

.vector_33      0x9fc01620        0x8
 *(.vector_33)
 .vector_33     0x9fc01620        0x8 c:/program files/microchip/xc32/v1.40/bin/bin/../../lib/gcc/pic32mx/4.8.3/../../../../pic32mx/lib\libpic32.a(vector33.o)
                0x9fc01620                __vector_dispatch_33
                0x00000001                ASSERT (((_vector_spacing == 0x0) || (SIZEOF (.vector_33) <= (_vector_spacing << 0x5))), function at exception vector 33 too large)

.vector_34      0x9fc01640        0x8
 *(.vector_34)
 .vector_34     0x9fc01640        0x8 c:/program files/microchip/xc32/v1.40/bin/bin/../../lib/gcc/pic32mx/4.8.3/../../../../pic32mx/lib\libpic32.a(vector34.o)
                0x9fc01640                __vector_dispatch_34
                0x00000001                ASSERT (((_vector_spacing == 0x0) || (SIZEOF (.vector_34) <= (_vector_spacing << 0x5))), function at exception vector 34 too large)

.vector_35      0x9fc01660        0x8
 *(.vector_35)
 .vector_35     0x9fc01660        0x8 c:/program files/microchip/xc32/v1.40/bin/bin/../../lib/gcc/pic32mx/4.8.3/../../../../pic32mx/lib\libpic32.a(vector35.o)
                0x9fc01660                __vector_dispatch_35
                0x00000001                ASSERT (((_vector_spacing == 0x0) || (SIZEOF (.vector_35) <= (_vector_spacing << 0x5))), function at exception vector 35 too large)

.vector_36      0x9fc01680        0x8
 *(.vector_36)
 .vector_36     0x9fc01680        0x8 c:/program files/microchip/xc32/v1.40/bin/bin/../../lib/gcc/pic32mx/4.8.3/../../../../pic32mx/lib\libpic32.a(vector36.o)
                0x9fc01680                __vector_dispatch_36
                0x00000001                ASSERT (((_vector_spacing == 0x0) || (SIZEOF (.vector_36) <= (_vector_spacing << 0x5))), function at exception vector 36 too large)

.vector_37      0x9fc016a0        0x8
 *(.vector_37)
 .vector_37     0x9fc016a0        0x8 c:/program files/microchip/xc32/v1.40/bin/bin/../../lib/gcc/pic32mx/4.8.3/../../../../pic32mx/lib\libpic32.a(vector37.o)
                0x9fc016a0                __vector_dispatch_37
                0x00000001                ASSERT (((_vector_spacing == 0x0) || (SIZEOF (.vector_37) <= (_vector_spacing << 0x5))), function at exception vector 37 too large)

.vector_38      0x9fc016c0        0x8
 *(.vector_38)
 .vector_38     0x9fc016c0        0x8 c:/program files/microchip/xc32/v1.40/bin/bin/../../lib/gcc/pic32mx/4.8.3/../../../../pic32mx/lib\libpic32.a(vector38.o)
                0x9fc016c0                __vector_dispatch_38
                0x00000001                ASSERT (((_vector_spacing == 0x0) || (SIZEOF (.vector_38) <= (_vector_spacing << 0x5))), function at exception vector 38 too large)

.vector_39      0x9fc016e0        0x8
 *(.vector_39)
 .vector_39     0x9fc016e0        0x8 c:/program files/microchip/xc32/v1.40/bin/bin/../../lib/gcc/pic32mx/4.8.3/../../../../pic32mx/lib\libpic32.a(vector39.o)
                0x9fc016e0                __vector_dispatch_39
                0x00000001                ASSERT (((_vector_spacing == 0x0) || (SIZEOF (.vector_39) <= (_vector_spacing << 0x5))), function at exception vector 39 too large)

.vector_40      0x9fc01700        0x8
 *(.vector_40)
 .vector_40     0x9fc01700        0x8 c:/program files/microchip/xc32/v1.40/bin/bin/../../lib/gcc/pic32mx/4.8.3/../../../../pic32mx/lib\libpic32.a(vector40.o)
                0x9fc01700                __vector_dispatch_40
                0x00000001                ASSERT (((_vector_spacing == 0x0) || (SIZEOF (.vector_40) <= (_vector_spacing << 0x5))), function at exception vector 40 too large)

.vector_41      0x9fc01720        0x8
 *(.vector_41)
 .vector_41     0x9fc01720        0x8 c:/program files/microchip/xc32/v1.40/bin/bin/../../lib/gcc/pic32mx/4.8.3/../../../../pic32mx/lib\libpic32.a(vector41.o)
                0x9fc01720                __vector_dispatch_41
                0x00000001                ASSERT (((_vector_spacing == 0x0) || (SIZEOF (.vector_41) <= (_vector_spacing << 0x5))), function at exception vector 41 too large)

.vector_42      0x9fc01740        0x8
 *(.vector_42)
 .vector_42     0x9fc01740        0x8 c:/program files/microchip/xc32/v1.40/bin/bin/../../lib/gcc/pic32mx/4.8.3/../../../../pic32mx/lib\libpic32.a(vector42.o)
                0x9fc01740                __vector_dispatch_42
                0x00000001                ASSERT (((_vector_spacing == 0x0) || (SIZEOF (.vector_42) <= (_vector_spacing << 0x5))), function at exception vector 42 too large)

.vector_43      0x9fc01760        0x8
 *(.vector_43)
 .vector_43     0x9fc01760        0x8 c:/program files/microchip/xc32/v1.40/bin/bin/../../lib/gcc/pic32mx/4.8.3/../../../../pic32mx/lib\libpic32.a(vector43.o)
                0x9fc01760                __vector_dispatch_43
                0x00000001                ASSERT (((_vector_spacing == 0x0) || (SIZEOF (.vector_43) <= (_vector_spacing << 0x5))), function at exception vector 43 too large)

.vector_44      0x9fc01780        0x8
 *(.vector_44)
 .vector_44     0x9fc01780        0x8 c:/program files/microchip/xc32/v1.40/bin/bin/../../lib/gcc/pic32mx/4.8.3/../../../../pic32mx/lib\libpic32.a(vector44.o)
                0x9fc01780                __vector_dispatch_44
                0x00000001                ASSERT (((_vector_spacing == 0x0) || (SIZEOF (.vector_44) <= (_vector_spacing << 0x5))), function at exception vector 44 too large)

.vector_45      0x9fc017a0        0x8
 *(.vector_45)
 .vector_45     0x9fc017a0        0x8 c:/program files/microchip/xc32/v1.40/bin/bin/../../lib/gcc/pic32mx/4.8.3/../../../../pic32mx/lib\libpic32.a(vector45.o)
                0x9fc017a0                __vector_dispatch_45
                0x00000001                ASSERT (((_vector_spacing == 0x0) || (SIZEOF (.vector_45) <= (_vector_spacing << 0x5))), function at exception vector 45 too large)

.vector_46      0x9fc017c0        0x8
 *(.vector_46)
 .vector_46     0x9fc017c0        0x8 c:/program files/microchip/xc32/v1.40/bin/bin/../../lib/gcc/pic32mx/4.8.3/../../../../pic32mx/lib\libpic32.a(vector46.o)
                0x9fc017c0                __vector_dispatch_46
                0x00000001                ASSERT (((_vector_spacing == 0x0) || (SIZEOF (.vector_46) <= (_vector_spacing << 0x5))), function at exception vector 46 too large)

.vector_47      0x9fc017e0        0x8
 *(.vector_47)
 .vector_47     0x9fc017e0        0x8 c:/program files/microchip/xc32/v1.40/bin/bin/../../lib/gcc/pic32mx/4.8.3/../../../../pic32mx/lib\libpic32.a(vector47.o)
                0x9fc017e0                __vector_dispatch_47
                0x00000001                ASSERT (((_vector_spacing == 0x0) || (SIZEOF (.vector_47) <= (_vector_spacing << 0x5))), function at exception vector 47 too large)

.vector_48      0x9fc01800        0x8
 *(.vector_48)
 .vector_48     0x9fc01800        0x8 c:/program files/microchip/xc32/v1.40/bin/bin/../../lib/gcc/pic32mx/4.8.3/../../../../pic32mx/lib\libpic32.a(vector48.o)
                0x9fc01800                __vector_dispatch_48
                0x00000001                ASSERT (((_vector_spacing == 0x0) || (SIZEOF (.vector_48) <= (_vector_spacing << 0x5))), function at exception vector 48 too large)

.vector_49      0x9fc01820        0x8
 *(.vector_49)
 .vector_49     0x9fc01820        0x8 c:/program files/microchip/xc32/v1.40/bin/bin/../../lib/gcc/pic32mx/4.8.3/../../../../pic32mx/lib\libpic32.a(vector49.o)
                0x9fc01820                __vector_dispatch_49
                0x00000001                ASSERT (((_vector_spacing == 0x0) || (SIZEOF (.vector_49) <= (_vector_spacing << 0x5))), function at exception vector 49 too large)

.vector_50      0x9fc01840        0x8
 *(.vector_50)
 .vector_50     0x9fc01840        0x8 c:/program files/microchip/xc32/v1.40/bin/bin/../../lib/gcc/pic32mx/4.8.3/../../../../pic32mx/lib\libpic32.a(vector50.o)
                0x9fc01840                __vector_dispatch_50
                0x00000001                ASSERT (((_vector_spacing == 0x0) || (SIZEOF (.vector_50) <= (_vector_spacing << 0x5))), function at exception vector 50 too large)

.vector_51      0x9fc01860        0x8
 *(.vector_51)
 .vector_51     0x9fc01860        0x8 c:/program files/microchip/xc32/v1.40/bin/bin/../../lib/gcc/pic32mx/4.8.3/../../../../pic32mx/lib\libpic32.a(vector51.o)
                0x9fc01860                __vector_dispatch_51
                0x00000001                ASSERT (((_vector_spacing == 0x0) || (SIZEOF (.vector_51) <= (_vector_spacing << 0x5))), function at exception vector 51 too large)

.vector_52      0x9fc01880        0x0
 *(.vector_52)
                0x00000001                ASSERT (((_vector_spacing == 0x0) || (SIZEOF (.vector_52) <= (_vector_spacing << 0x5))), function at exception vector 52 too large)

.vector_53      0x9fc018a0        0x0
 *(.vector_53)
                0x00000001                ASSERT (((_vector_spacing == 0x0) || (SIZEOF (.vector_53) <= (_vector_spacing << 0x5))), function at exception vector 53 too large)

.vector_54      0x9fc018c0        0x0
 *(.vector_54)
                0x00000001                ASSERT (((_vector_spacing == 0x0) || (SIZEOF (.vector_54) <= (_vector_spacing << 0x5))), function at exception vector 54 too large)

.vector_55      0x9fc018e0        0x0
 *(.vector_55)
                0x00000001                ASSERT (((_vector_spacing == 0x0) || (SIZEOF (.vector_55) <= (_vector_spacing << 0x5))), function at exception vector 55 too large)

.vector_56      0x9fc01900        0x0
 *(.vector_56)
                0x00000001                ASSERT (((_vector_spacing == 0x0) || (SIZEOF (.vector_56) <= (_vector_spacing << 0x5))), function at exception vector 56 too large)

.vector_57      0x9fc01920        0x0
 *(.vector_57)
                0x00000001                ASSERT (((_vector_spacing == 0x0) || (SIZEOF (.vector_57) <= (_vector_spacing << 0x5))), function at exception vector 57 too large)

.vector_58      0x9fc01940        0x0
 *(.vector_58)
                0x00000001                ASSERT (((_vector_spacing == 0x0) || (SIZEOF (.vector_58) <= (_vector_spacing << 0x5))), function at exception vector 58 too large)

.vector_59      0x9fc01960        0x0
 *(.vector_59)
                0x00000001                ASSERT (((_vector_spacing == 0x0) || (SIZEOF (.vector_59) <= (_vector_spacing << 0x5))), function at exception vector 59 too large)

.vector_60      0x9fc01980        0x0
 *(.vector_60)
                0x00000001                ASSERT (((_vector_spacing == 0x0) || (SIZEOF (.vector_60) <= (_vector_spacing << 0x5))), function at exception vector 60 too large)

.vector_61      0x9fc019a0        0x0
 *(.vector_61)
                0x00000001                ASSERT (((_vector_spacing == 0x0) || (SIZEOF (.vector_61) <= (_vector_spacing << 0x5))), function at exception vector 61 too large)

.vector_62      0x9fc019c0        0x0
 *(.vector_62)
                0x00000001                ASSERT (((_vector_spacing == 0x0) || (SIZEOF (.vector_62) <= (_vector_spacing << 0x5))), function at exception vector 62 too large)

.vector_63      0x9fc019e0        0x0
 *(.vector_63)
                0x00000001                ASSERT (((_vector_spacing == 0x0) || (SIZEOF (.vector_63) <= (_vector_spacing << 0x5))), function at exception vector 63 too large)

.startup
 *(.startup)

.text           0x9d000000        0x0
 *(.stub .gnu.linkonce.t.*)
 *(.text.*personality*)
 *(.mips16.fn.*)
 *(.mips16.call.*)
 *(.gnu.warning)
                0x9d000000                . = ALIGN (0x4)

.init           0x9d000000        0x0
 *crti.o(.init)
 *crtbegin.o(.init)
 *(EXCLUDE_FILE(*crtn.o *crtend?.o *crtend.o) .init)
 *crtend.o(.init)
 *crtn.o(.init)
                0x9d000000                . = ALIGN (0x4)

.fini           0x9d000000        0x0
 *(.fini)
                0x9d000000                . = ALIGN (0x4)

.preinit_array  0x9d000000        0x0
                0x9d000000                PROVIDE (__preinit_array_start, .)
 *(.preinit_array)
                0x9d000000                PROVIDE (__preinit_array_end, .)
                0x9d000000                . = ALIGN (0x4)

.init_array     0x9d000000        0x0
                0x9d000000                PROVIDE (__init_array_start, .)
 *(SORT(.init_array.*))
 *(.init_array)
                0x9d000000                PROVIDE (__init_array_end, .)
                0x9d000000                . = ALIGN (0x4)

.fini_array     0x9d000000        0x0
                0x9d000000                PROVIDE (__fini_array_start, .)
 *(SORT(.fini_array.*))
 *(.fini_array)
                0x9d000000                PROVIDE (__fini_array_end, .)
                0x9d000000                . = ALIGN (0x4)

.ctors          0x9d000000        0x0
 *crtbegin.o(.ctors)
 *crtbegin?.o(.ctors)
 *(EXCLUDE_FILE(*crtend?.o *crtend.o) .ctors)
 *(SORT(.ctors.*))
 *(.ctors)
                0x9d000000                . = ALIGN (0x4)

.dtors          0x9d000000        0x0
 *crtbegin.o(.dtors)
 *crtbegin?.o(.dtors)
 *(EXCLUDE_FILE(*crtend?.o *crtend.o) .dtors)
 *(SORT(.dtors.*))
 *(.dtors)
                0x9d000000                . = ALIGN (0x4)

.rodata         0x9d000000        0x0
 *(.gnu.linkonce.r.*)
 *(.rodata1)
                0x9d000000                . = ALIGN (0x4)

.sdata2         0x9fc00490        0x0
 *(.sdata2 .sdata2.* .gnu.linkonce.s2.*)
                0x9fc00490                . = ALIGN (0x4)

.sbss2          0x9fc00490        0x0
 *(.sbss2 .sbss2.* .gnu.linkonce.sb2.*)
                0x9fc00490                . = ALIGN (0x4)

.eh_frame_hdr
 *(.eh_frame_hdr)
                0x9fc00490                . = ALIGN (0x4)

.eh_frame
 *(.eh_frame)
                0x9fc00490                . = ALIGN (0x4)

.gcc_except_table
 *(.gcc_except_table .gcc_except_table.*)
                0x9fc00490                . = ALIGN (0x4)

.dbg_data       0xa0000000        0x0
                0xa0000000                . = (. + DEFINED (_DEBUGGER)?0x200:0x0)

.jcr            0xa0000000        0x0
 *(.jcr)
                0xa0000000                . = ALIGN (0x4)

.eh_frame
 *(.eh_frame)
                0xa0000000                . = ALIGN (0x4)

.gcc_except_table
 *(.gcc_except_table .gcc_except_table.*)
                0xa0000000                . = ALIGN (0x4)

.persist        0xa0000000        0x0
                0xa0000000                _persist_begin = .
 *(.persist .persist.*)
                0xa0000000                . = ALIGN (0x4)
                0xa0000000                _persist_end = .

.data           0xa0000000        0x0
 *(.gnu.linkonce.d.*)
 *(.data1)
                0xa0000000                . = ALIGN (0x4)
                0xa0000000                . = .
                0xa0007ff0                _gp = (ALIGN (0x10) + 0x7ff0)

.got            0xa0000000        0x0
 *(.got.plt)
 *(.got)
                0xa0000000                . = ALIGN (0x4)

.sdata          0xa0000000        0x4
                0xa0000000                _sdata_begin = .
 *(.sdata .sdata.* .gnu.linkonce.s.*)
 .sdata         0xa0000000        0x4 build/default/production/_ext/1249264884/plib_coretimer.o
                0xa0000004                . = ALIGN (0x4)
                0xa0000004                _sdata_end = .

.lit8
 *(.lit8)

.lit4
 *(.lit4)
                0xa0000004                . = ALIGN (0x4)
                0xa0000004                _data_end = .
                0xa0000004                _bss_begin = .

.sbss           0xa0000004        0x8
                0xa0000004                _sbss_begin = .
 *(.dynsbss)
 *(.sbss .sbss.* .gnu.linkonce.sb.*)
 .sbss          0xa0000004        0x8 build/default/production/_ext/1171490990/exceptions.o
 *(.scommon)
                0xa000000c                _sbss_end = .
                0xa000000c                . = ALIGN (0x4)

.bss            0xa000000c        0x0
 *(.dynbss)
 *(COMMON)
                0xa000000c                . = ALIGN ((. != 0x0)?0x4:0x1)
                0xa000000c                . = ALIGN (0x4)
                0xa000000c                _end = .
                0xa000000c                _bss_end = .
                0x00010000                _bmxdudba_address = 0x10000
                0x00010000                _bmxdupba_address = 0x10000

/DISCARD/
 *(.pdr)
 *(.rel.dyn)
 *(.note.GNU-stack)
 *(.note.GNU-stack)
 *(.gnu_debuglink)
 *(.gnu.lto_*)
 *(.discard)

.gptab.sdata
 *(.gptab.data)
 *(.gptab.sdata)

.gptab.sbss
 *(.gptab.bss)
 *(.gptab.sbss)

.mdebug.abi32   0x00000000        0x0
 *(.mdebug.abi32)
 .mdebug.abi32  0x00000000        0x0 build/default/production/_ext/60165520/plib_clk.o
 .mdebug.abi32  0x00000000        0x0 build/default/production/_ext/1249264884/plib_coretimer.o
 .mdebug.abi32  0x00000000        0x0 build/default/production/_ext/1865200349/plib_evic.o
 .mdebug.abi32  0x00000000        0x0 build/default/production/_ext/1865254177/plib_gpio.o
 .mdebug.abi32  0x00000000        0x0 build/default/production/_ext/1865657120/plib_uart3.o
 .mdebug.abi32  0x00000000        0x0 build/default/production/_ext/1865657120/plib_uart1.o
 .mdebug.abi32  0x00000000        0x0 build/default/production/_ext/1865657120/plib_uart2.o
 .mdebug.abi32  0x00000000        0x0 build/default/production/_ext/163028504/xc32_monitor.o
 .mdebug.abi32  0x00000000        0x0 build/default/production/_ext/1171490990/initialization.o
 .mdebug.abi32  0x00000000        0x0 build/default/production/_ext/1171490990/interrupts.o
 .mdebug.abi32  0x00000000        0x0 build/default/production/_ext/1171490990/exceptions.o
 .mdebug.abi32  0x00000000        0x0 build/default/production/_ext/1360937237/main.o
 .mdebug.abi32  0x00000000        0x0 c:/program files/microchip/xc32/v1.40/bin/bin/../../lib/gcc/pic32mx/4.8.3/../../../../pic32mx/lib\libpic32.a(default-on-reset.o)
 .mdebug.abi32  0x00000000        0x0 c:/program files/microchip/xc32/v1.40/bin/bin/../../lib/gcc/pic32mx/4.8.3/../../../../pic32mx/lib\libpic32.a(default-on-bootstrap.o)
 .mdebug.abi32  0x00000000        0x0 c:/program files/microchip/xc32/v1.40/bin/bin/../../lib/gcc/pic32mx/4.8.3/../../../../pic32mx/lib\libpic32.a(defaultinterrupt.o)

.mdebug.abiN32
 *(.mdebug.abiN32)

.mdebug.abi64
 *(.mdebug.abi64)

.mdebug.abiO64
 *(.mdebug.abiO64)

.mdebug.eabi32
 *(.mdebug.eabi32)

.mdebug.eabi64
 *(.mdebug.eabi64)

.gcc_compiled_long32
 *(.gcc_compiled_long32)

.gcc_compiled_long64
 *(.gcc_compiled_long64)

.stab
 *(.stab)

.stabstr
 *(.stabstr)

.stab.excl
 *(.stab.excl)

.stab.exclstr
 *(.stab.exclstr)

.stab.index
 *(.stab.index)

.stab.indexstr
 *(.stab.indexstr)

.comment        0x00000000       0x3c
 *(.comment)
 .comment       0x00000000       0x3c build/default/production/_ext/60165520/plib_clk.o
                                 0x3d (size before relaxing)
 .comment       0x00000000       0x3d build/default/production/_ext/1249264884/plib_coretimer.o
 .comment       0x00000000       0x3d build/default/production/_ext/1865200349/plib_evic.o
 .comment       0x00000000       0x3d build/default/production/_ext/1865254177/plib_gpio.o
 .comment       0x00000000       0x3d build/default/production/_ext/1865657120/plib_uart3.o
 .comment       0x00000000       0x3d build/default/production/_ext/1865657120/plib_uart1.o
 .comment       0x00000000       0x3d build/default/production/_ext/1865657120/plib_uart2.o
 .comment       0x00000000       0x3d build/default/production/_ext/163028504/xc32_monitor.o
 .comment       0x00000000       0x3d build/default/production/_ext/1171490990/initialization.o
 .comment       0x00000000       0x3d build/default/production/_ext/1171490990/interrupts.o
 .comment       0x00000000       0x3d build/default/production/_ext/1171490990/exceptions.o
 .comment       0x00000000       0x3d build/default/production/_ext/1360937237/main.o
 .comment       0x00000000       0x3d c:/program files/microchip/xc32/v1.40/bin/bin/../../lib/gcc/pic32mx/4.8.3/../../../../pic32mx/lib\libpic32.a(default-on-reset.o)
 .comment       0x00000000       0x3d c:/program files/microchip/xc32/v1.40/bin/bin/../../lib/gcc/pic32mx/4.8.3/../../../../pic32mx/lib\libpic32.a(default-on-bootstrap.o)
 .comment       0x00000000       0x3d c:/program files/microchip/xc32/v1.40/bin/bin/../../lib/gcc/pic32mx/4.8.3/../../../../pic32mx/lib\libpic32.a(defaultinterrupt.o)

.debug
 *.elf(.debug)
 *(.debug)

.line
 *.elf(.line)
 *(.line)

.debug_srcinfo
 *.elf(.debug_srcinfo)
 *(.debug_srcinfo)

.debug_sfnames
 *.elf(.debug_sfnames)
 *(.debug_sfnames)

.debug_aranges  0x00000000      0x540
 *.elf(.debug_aranges)
 *(.debug_aranges)
 .debug_aranges
                0x00000000       0x20 build/default/production/_ext/60165520/plib_clk.o
 .debug_aranges
                0x00000020       0x60 build/default/production/_ext/1249264884/plib_coretimer.o
 .debug_aranges
                0x00000080       0x68 build/default/production/_ext/1865200349/plib_evic.o
 .debug_aranges
                0x000000e8       0x60 build/default/production/_ext/1865254177/plib_gpio.o
 .debug_aranges
                0x00000148       0xb0 build/default/production/_ext/1865657120/plib_uart3.o
 .debug_aranges
                0x000001f8      0x108 build/default/production/_ext/1865657120/plib_uart1.o
 .debug_aranges
                0x00000300      0x108 build/default/production/_ext/1865657120/plib_uart2.o
 .debug_aranges
                0x00000408       0x28 build/default/production/_ext/163028504/xc32_monitor.o
 .debug_aranges
                0x00000430       0x20 build/default/production/_ext/1171490990/initialization.o
 .debug_aranges
                0x00000450       0x30 build/default/production/_ext/1171490990/interrupts.o
 .debug_aranges
                0x00000480       0x28 build/default/production/_ext/1171490990/exceptions.o
 .debug_aranges
                0x000004a8       0x38 build/default/production/_ext/1360937237/main.o
 .debug_aranges
                0x000004e0       0x20 c:/program files/microchip/xc32/v1.40/bin/bin/../../lib/gcc/pic32mx/4.8.3/../../../../pic32mx/lib\libpic32.a(default-on-reset.o)
 .debug_aranges
                0x00000500       0x20 c:/program files/microchip/xc32/v1.40/bin/bin/../../lib/gcc/pic32mx/4.8.3/../../../../pic32mx/lib\libpic32.a(default-on-bootstrap.o)
 .debug_aranges
                0x00000520       0x20 c:/program files/microchip/xc32/v1.40/bin/bin/../../lib/gcc/pic32mx/4.8.3/../../../../pic32mx/lib\libpic32.a(defaultinterrupt.o)

.debug_pubnames
 *.elf(.debug_pubnames)
 *(.debug_pubnames)

.debug_info     0x00000000     0x630f
 *.elf(.debug_info .gnu.linkonce.wi.*)
 *(.debug_info .gnu.linkonce.wi.*)
 .debug_info    0x00000000      0x4a4 build/default/production/_ext/60165520/plib_clk.o
 .debug_info    0x000004a4      0x7f6 build/default/production/_ext/1249264884/plib_coretimer.o
 .debug_info    0x00000c9a      0xcd1 build/default/production/_ext/1865200349/plib_evic.o
 .debug_info    0x0000196b      0x4ca build/default/production/_ext/1865254177/plib_gpio.o
 .debug_info    0x00001e35      0xadf build/default/production/_ext/1865657120/plib_uart3.o
 .debug_info    0x00002914     0x108a build/default/production/_ext/1865657120/plib_uart1.o
 .debug_info    0x0000399e     0x1089 build/default/production/_ext/1865657120/plib_uart2.o
 .debug_info    0x00004a27      0x117 build/default/production/_ext/163028504/xc32_monitor.o
 .debug_info    0x00004b3e      0x405 build/default/production/_ext/1171490990/initialization.o
 .debug_info    0x00004f43      0x1bf build/default/production/_ext/1171490990/interrupts.o
 .debug_info    0x00005102      0x2b5 build/default/production/_ext/1171490990/exceptions.o
 .debug_info    0x000053b7      0xcff build/default/production/_ext/1360937237/main.o
 .debug_info    0x000060b6       0xbd c:/program files/microchip/xc32/v1.40/bin/bin/../../lib/gcc/pic32mx/4.8.3/../../../../pic32mx/lib\libpic32.a(default-on-reset.o)
 .debug_info    0x00006173       0xc5 c:/program files/microchip/xc32/v1.40/bin/bin/../../lib/gcc/pic32mx/4.8.3/../../../../pic32mx/lib\libpic32.a(default-on-bootstrap.o)
 .debug_info    0x00006238       0xd7 c:/program files/microchip/xc32/v1.40/bin/bin/../../lib/gcc/pic32mx/4.8.3/../../../../pic32mx/lib\libpic32.a(defaultinterrupt.o)

.debug_abbrev   0x00000000      0xe1e
 *.elf(.debug_abbrev)
 *(.debug_abbrev)
 .debug_abbrev  0x00000000       0x97 build/default/production/_ext/60165520/plib_clk.o
 .debug_abbrev  0x00000097      0x132 build/default/production/_ext/1249264884/plib_coretimer.o
 .debug_abbrev  0x000001c9       0xe0 build/default/production/_ext/1865200349/plib_evic.o
 .debug_abbrev  0x000002a9       0xc8 build/default/production/_ext/1865254177/plib_gpio.o
 .debug_abbrev  0x00000371      0x242 build/default/production/_ext/1865657120/plib_uart3.o
 .debug_abbrev  0x000005b3      0x27f build/default/production/_ext/1865657120/plib_uart1.o
 .debug_abbrev  0x00000832      0x27f build/default/production/_ext/1865657120/plib_uart2.o
 .debug_abbrev  0x00000ab1       0x66 build/default/production/_ext/163028504/xc32_monitor.o
 .debug_abbrev  0x00000b17       0xaf build/default/production/_ext/1171490990/initialization.o
 .debug_abbrev  0x00000bc6       0x39 build/default/production/_ext/1171490990/interrupts.o
 .debug_abbrev  0x00000bff       0x6b build/default/production/_ext/1171490990/exceptions.o
 .debug_abbrev  0x00000c6a      0x13c build/default/production/_ext/1360937237/main.o
 .debug_abbrev  0x00000da6       0x28 c:/program files/microchip/xc32/v1.40/bin/bin/../../lib/gcc/pic32mx/4.8.3/../../../../pic32mx/lib\libpic32.a(default-on-reset.o)
 .debug_abbrev  0x00000dce       0x28 c:/program files/microchip/xc32/v1.40/bin/bin/../../lib/gcc/pic32mx/4.8.3/../../../../pic32mx/lib\libpic32.a(default-on-bootstrap.o)
 .debug_abbrev  0x00000df6       0x28 c:/program files/microchip/xc32/v1.40/bin/bin/../../lib/gcc/pic32mx/4.8.3/../../../../pic32mx/lib\libpic32.a(defaultinterrupt.o)

.debug_line     0x00000000     0x1b86
 *.elf(.debug_line)
 *(.debug_line)
 .debug_line    0x00000000       0xd3 build/default/production/_ext/60165520/plib_clk.o
 .debug_line    0x000000d3      0x1d5 build/default/production/_ext/1249264884/plib_coretimer.o
 .debug_line    0x000002a8      0x1f3 build/default/production/_ext/1865200349/plib_evic.o
 .debug_line    0x0000049b      0x1d2 build/default/production/_ext/1865254177/plib_gpio.o
 .debug_line    0x0000066d      0x39c build/default/production/_ext/1865657120/plib_uart3.o
 .debug_line    0x00000a09      0x4d0 build/default/production/_ext/1865657120/plib_uart1.o
 .debug_line    0x00000ed9      0x4d0 build/default/production/_ext/1865657120/plib_uart2.o
 .debug_line    0x000013a9       0x8f build/default/production/_ext/163028504/xc32_monitor.o
 .debug_line    0x00001438       0xd9 build/default/production/_ext/1171490990/initialization.o
 .debug_line    0x00001511       0xa7 build/default/production/_ext/1171490990/interrupts.o
 .debug_line    0x000015b8       0x8b build/default/production/_ext/1171490990/exceptions.o
 .debug_line    0x00001643      0x3a1 build/default/production/_ext/1360937237/main.o
 .debug_line    0x000019e4       0x84 c:/program files/microchip/xc32/v1.40/bin/bin/../../lib/gcc/pic32mx/4.8.3/../../../../pic32mx/lib\libpic32.a(default-on-reset.o)
 .debug_line    0x00001a68       0x88 c:/program files/microchip/xc32/v1.40/bin/bin/../../lib/gcc/pic32mx/4.8.3/../../../../pic32mx/lib\libpic32.a(default-on-bootstrap.o)
 .debug_line    0x00001af0       0x96 c:/program files/microchip/xc32/v1.40/bin/bin/../../lib/gcc/pic32mx/4.8.3/../../../../pic32mx/lib\libpic32.a(defaultinterrupt.o)

.debug_frame    0x00000000      0xffc
 *.elf(.debug_frame)
 *(.debug_frame)
 .debug_frame   0x00000000       0x2c build/default/production/_ext/60165520/plib_clk.o
 .debug_frame   0x0000002c      0x128 build/default/production/_ext/1249264884/plib_coretimer.o
 .debug_frame   0x00000154      0x14c build/default/production/_ext/1865200349/plib_evic.o
 .debug_frame   0x000002a0      0x110 build/default/production/_ext/1865254177/plib_gpio.o
 .debug_frame   0x000003b0      0x24c build/default/production/_ext/1865657120/plib_uart3.o
 .debug_frame   0x000005fc      0x3ac build/default/production/_ext/1865657120/plib_uart1.o
 .debug_frame   0x000009a8      0x3ac build/default/production/_ext/1865657120/plib_uart2.o
 .debug_frame   0x00000d54       0x48 build/default/production/_ext/163028504/xc32_monitor.o
 .debug_frame   0x00000d9c       0x30 build/default/production/_ext/1171490990/initialization.o
 .debug_frame   0x00000dcc       0xf4 build/default/production/_ext/1171490990/interrupts.o
 .debug_frame   0x00000ec0       0x48 build/default/production/_ext/1171490990/exceptions.o
 .debug_frame   0x00000f08       0x94 build/default/production/_ext/1360937237/main.o
 .debug_frame   0x00000f9c       0x20 c:/program files/microchip/xc32/v1.40/bin/bin/../../lib/gcc/pic32mx/4.8.3/../../../../pic32mx/lib\libpic32.a(default-on-reset.o)
 .debug_frame   0x00000fbc       0x20 c:/program files/microchip/xc32/v1.40/bin/bin/../../lib/gcc/pic32mx/4.8.3/../../../../pic32mx/lib\libpic32.a(default-on-bootstrap.o)
 .debug_frame   0x00000fdc       0x20 c:/program files/microchip/xc32/v1.40/bin/bin/../../lib/gcc/pic32mx/4.8.3/../../../../pic32mx/lib\libpic32.a(defaultinterrupt.o)

.debug_str      0x00000000      0x194
 *.elf(.debug_str)
 *(.debug_str)
 .debug_str     0x00000000        0x0 build/default/production/_ext/60165520/plib_clk.o
 .debug_str     0x00000000       0x14 build/default/production/_ext/1249264884/plib_coretimer.o
 .debug_str     0x00000014        0x7 build/default/production/_ext/1865200349/plib_evic.o
 .debug_str     0x0000001b        0xa build/default/production/_ext/1865254177/plib_gpio.o
 .debug_str     0x00000025       0x17 build/default/production/_ext/1865657120/plib_uart3.o
 .debug_str     0x0000003c       0xac build/default/production/_ext/1865657120/plib_uart1.o
 .debug_str     0x000000e8       0xac build/default/production/_ext/1865657120/plib_uart2.o
 .debug_str     0x00000194        0x0 build/default/production/_ext/163028504/xc32_monitor.o
 .debug_str     0x00000194        0x0 build/default/production/_ext/1171490990/initialization.o
 .debug_str     0x00000194        0x0 build/default/production/_ext/1171490990/interrupts.o
 .debug_str     0x00000194        0x0 build/default/production/_ext/1171490990/exceptions.o
 .debug_str     0x00000194        0x0 build/default/production/_ext/1360937237/main.o
 .debug_str     0x00000194        0x0 c:/program files/microchip/xc32/v1.40/bin/bin/../../lib/gcc/pic32mx/4.8.3/../../../../pic32mx/lib\libpic32.a(default-on-reset.o)
 .debug_str     0x00000194        0x0 c:/program files/microchip/xc32/v1.40/bin/bin/../../lib/gcc/pic32mx/4.8.3/../../../../pic32mx/lib\libpic32.a(default-on-bootstrap.o)
 .debug_str     0x00000194        0x0 c:/program files/microchip/xc32/v1.40/bin/bin/../../lib/gcc/pic32mx/4.8.3/../../../../pic32mx/lib\libpic32.a(defaultinterrupt.o)

.debug_loc
 *.elf(.debug_loc)
 *(.debug_loc)

.debug_macinfo
 *.elf(.debug_macinfo)
 *(.debug_macinfo)

.debug_weaknames
 *.elf(.debug_weaknames)
 *(.debug_weaknames)

.debug_funcnames
 *.elf(.debug_funcnames)
 *(.debug_funcnames)

.debug_typenames
 *.elf(.debug_typenames)
 *(.debug_typenames)

.debug_varnames
 *.elf(.debug_varnames)
 *(.debug_varnames)

.debug_pubtypes
 *.elf(.debug_pubtypes)
 *(.debug_pubtypes)

.debug_ranges   0x00000000      0x450
 *.elf(.debug_ranges)
 *(.debug_ranges)
 .debug_ranges  0x00000000       0x10 build/default/production/_ext/60165520/plib_clk.o
 .debug_ranges  0x00000010       0x50 build/default/production/_ext/1249264884/plib_coretimer.o
 .debug_ranges  0x00000060       0x58 build/default/production/_ext/1865200349/plib_evic.o
 .debug_ranges  0x000000b8       0x50 build/default/production/_ext/1865254177/plib_gpio.o
 .debug_ranges  0x00000108       0xa0 build/default/production/_ext/1865657120/plib_uart3.o
 .debug_ranges  0x000001a8       0xf8 build/default/production/_ext/1865657120/plib_uart1.o
 .debug_ranges  0x000002a0       0xf8 build/default/production/_ext/1865657120/plib_uart2.o
 .debug_ranges  0x00000398       0x18 build/default/production/_ext/163028504/xc32_monitor.o
 .debug_ranges  0x000003b0       0x10 build/default/production/_ext/1171490990/initialization.o
 .debug_ranges  0x000003c0       0x20 build/default/production/_ext/1171490990/interrupts.o
 .debug_ranges  0x000003e0       0x18 build/default/production/_ext/1171490990/exceptions.o
 .debug_ranges  0x000003f8       0x28 build/default/production/_ext/1360937237/main.o
 .debug_ranges  0x00000420       0x10 c:/program files/microchip/xc32/v1.40/bin/bin/../../lib/gcc/pic32mx/4.8.3/../../../../pic32mx/lib\libpic32.a(default-on-reset.o)
 .debug_ranges  0x00000430       0x10 c:/program files/microchip/xc32/v1.40/bin/bin/../../lib/gcc/pic32mx/4.8.3/../../../../pic32mx/lib\libpic32.a(default-on-bootstrap.o)
 .debug_ranges  0x00000440       0x10 c:/program files/microchip/xc32/v1.40/bin/bin/../../lib/gcc/pic32mx/4.8.3/../../../../pic32mx/lib\libpic32.a(defaultinterrupt.o)

.gnu.attributes
                0x00000000       0x10
 *(.gnu.attributes)
 .gnu.attributes
                0x00000000       0x10 build/default/production/_ext/60165520/plib_clk.o
 .gnu.attributes
                0x00000010       0x10 build/default/production/_ext/1249264884/plib_coretimer.o
 .gnu.attributes
                0x00000020       0x10 build/default/production/_ext/1865200349/plib_evic.o
 .gnu.attributes
                0x00000030       0x10 build/default/production/_ext/1865254177/plib_gpio.o
 .gnu.attributes
                0x00000040       0x10 build/default/production/_ext/1865657120/plib_uart3.o
 .gnu.attributes
                0x00000050       0x10 build/default/production/_ext/1865657120/plib_uart1.o
 .gnu.attributes
                0x00000060       0x10 build/default/production/_ext/1865657120/plib_uart2.o
 .gnu.attributes
                0x00000070       0x10 build/default/production/_ext/163028504/xc32_monitor.o
 .gnu.attributes
                0x00000080       0x10 build/default/production/_ext/1171490990/initialization.o
 .gnu.attributes
                0x00000090       0x10 build/default/production/_ext/1171490990/interrupts.o
 .gnu.attributes
                0x000000a0       0x10 build/default/production/_ext/1171490990/exceptions.o
 .gnu.attributes
                0x000000b0       0x10 build/default/production/_ext/1360937237/main.o
 .gnu.attributes
                0x000000c0       0x10 c:/program files/microchip/xc32/v1.40/bin/bin/../../lib/gcc/pic32mx/4.8.3/../../../../pic32mx/lib\libpic32.a(default-on-reset.o)
 .gnu.attributes
                0x000000d0       0x10 c:/program files/microchip/xc32/v1.40/bin/bin/../../lib/gcc/pic32mx/4.8.3/../../../../pic32mx/lib\libpic32.a(default-on-bootstrap.o)
 .gnu.attributes
                0x000000e0       0x10 c:/program files/microchip/xc32/v1.40/bin/bin/../../lib/gcc/pic32mx/4.8.3/../../../../pic32mx/lib\libpic32.a(defaultinterrupt.o)
                0x00000200                _min_heap_size = 0x200
LOAD c:/program files/microchip/xc32/v1.40/bin/bin/../../lib/gcc/pic32mx/4.8.3/../../../../pic32mx/lib/./proc/32MX575F512H\default_isr_vectors.o
LOAD c:/program files/microchip/xc32/v1.40/bin/bin/../../lib/gcc/pic32mx/4.8.3/../../../../pic32mx/lib\pic32_software_reset.o
LOAD c:/program files/microchip/xc32/v1.40/bin/bin/../../lib/gcc/pic32mx/4.8.3\libgcc.a
START GROUP
LOAD c:/program files/microchip/xc32/v1.40/bin/bin/../../lib/gcc/pic32mx/4.8.3/../../../../pic32mx/lib\libpic32.a
LOAD c:/program files/microchip/xc32/v1.40/bin/bin/../../lib/gcc/pic32mx/4.8.3/../../../../pic32mx/lib\libdebug.a
LOAD c:/program files/microchip/xc32/v1.40/bin/bin/../../lib/gcc/pic32mx/4.8.3/../../../../pic32mx/lib\libpic32.a
LOAD c:/program files/microchip/xc32/v1.40/bin/bin/../../lib/gcc/pic32mx/4.8.3/../../../../pic32mx/lib\libm.a
LOAD c:/program files/microchip/xc32/v1.40/bin/bin/../../lib/gcc/pic32mx/4.8.3/../../../../pic32mx/lib\libe.a
LOAD c:/program files/microchip/xc32/v1.40/bin/bin/../../lib/gcc/pic32mx/4.8.3/../../../../pic32mx/lib\libdsp.a
LOAD c:/program files/microchip/xc32/v1.40/bin/bin/../../lib/gcc/pic32mx/4.8.3\libgcc.a
LOAD c:/program files/microchip/xc32/v1.40/bin/bin/../../lib/gcc/pic32mx/4.8.3/../../../../pic32mx/lib\libc.a
LOAD c:/program files/microchip/xc32/v1.40/bin/bin/../../lib/gcc/pic32mx/4.8.3/../../../../pic32mx/lib\libpic32.a
END GROUP
LOAD c:/program files/microchip/xc32/v1.40/bin/bin/../../lib/gcc/pic32mx/4.8.3\libgcc.a
OUTPUT(dist/default/production/RS485_2OpticUART.X.production.elf elf32-tradlittlemips)
LOAD stack
LOAD data_init

.reginfo        0x00000000       0x18
 .reginfo       0x00000000       0x18 c:/program files/microchip/xc32/v1.40/bin/bin/../../lib/gcc/pic32mx/4.8.3/../../../../pic32mx/lib/./proc/32MX575F512H/crt0_mips32r2.o

.stack          0xa00013e8      0x400
 .stack         0xa00013e8      0x400 stack

.bss            0xa000000c     0x11bc
 .bss           0xa000000c     0x1044 build/default/production/_ext/1865657120/plib_uart1.o
                0xa000000c                uart1Obj
 .bss           0xa0001050      0x144 build/default/production/_ext/1865657120/plib_uart2.o
                0xa0001050                uart2Obj
 .bss           0xa0001194       0x34 build/default/production/_ext/1865657120/plib_uart3.o
                0xa0001194                uart3Obj

._debug_exception
                0xbfc00480       0x2c
 ._debug_exception
                0xbfc00480       0x2c c:/program files/microchip/xc32/v1.40/bin/bin/../../lib/gcc/pic32mx/4.8.3/../../../../pic32mx/lib\debug-exception-return.o
                0xbfc00480                __DbgExecReturn

.text.main      0x9d000000     0x1ba4
 .text.main     0x9d000000     0x1ba4 build/default/production/_ext/1360937237/main.o
                0x9d000000                main

.text.UART3_RX_InterruptHandler
                0x9d001ba4      0x1a4
 .text.UART3_RX_InterruptHandler
                0x9d001ba4      0x1a4 build/default/production/_ext/1865657120/plib_uart3.o

.text.UART3_TX_InterruptHandler
                0x9d001d48      0x190
 .text.UART3_TX_InterruptHandler
                0x9d001d48      0x190 build/default/production/_ext/1865657120/plib_uart3.o

.text.UART1_RxPushByte
                0x9d001ed8      0x18c
 .text.UART1_RxPushByte
                0x9d001ed8      0x18c build/default/production/_ext/1865657120/plib_uart1.o

.text.UART2_RxPushByte
                0x9d002064      0x18c
 .text.UART2_RxPushByte
                0x9d002064      0x18c build/default/production/_ext/1865657120/plib_uart2.o

.text.UART1_Initialize
                0x9d0021f0      0x184
 .text.UART1_Initialize
                0x9d0021f0      0x184 build/default/production/_ext/1865657120/plib_uart1.o
                0x9d0021f0                UART1_Initialize

.text.UART2_Initialize
                0x9d002374      0x184
 .text.UART2_Initialize
                0x9d002374      0x184 build/default/production/_ext/1865657120/plib_uart2.o
                0x9d002374                UART2_Initialize

.text.UART3_Write
                0x9d0024f8      0x180
 .text.UART3_Write
                0x9d0024f8      0x180 build/default/production/_ext/1865657120/plib_uart3.o
                0x9d0024f8                UART3_Write

.text.charToByte
                0x9d002678      0x178
 .text.charToByte
                0x9d002678      0x178 build/default/production/_ext/1360937237/main.o
                0x9d002678                charToByte

.text           0x9d0027f0      0x168
 .text          0x9d0027f0      0x168 c:/program files/microchip/xc32/v1.40/bin/bin/../../lib/gcc/pic32mx/4.8.3/../../../../pic32mx/lib\libpic32.a(memcpy.o)
                0x9d0027f0                memcpy

.text.UART1_Read
                0x9d002958      0x154
 .text.UART1_Read
                0x9d002958      0x154 build/default/production/_ext/1865657120/plib_uart1.o
                0x9d002958                UART1_Read

.text.UART2_Read
                0x9d002aac      0x154
 .text.UART2_Read
                0x9d002aac      0x154 build/default/production/_ext/1865657120/plib_uart2.o
                0x9d002aac                UART2_Read

.rodata         0x9d002c00      0x150
 .rodata        0x9d002c00      0x150 build/default/production/_ext/1360937237/main.o

.text.UART_1_Handler
                0x9d002d50      0x120
 .text.UART_1_Handler
                0x9d002d50      0x120 build/default/production/_ext/1171490990/interrupts.o
                0x9d002d50                UART_1_Handler

.text.UART_3_Handler
                0x9d002e70      0x120
 .text.UART_3_Handler
                0x9d002e70      0x120 build/default/production/_ext/1171490990/interrupts.o
                0x9d002e70                UART_3_Handler

.text.UART_2_Handler
                0x9d002f90      0x120
 .text.UART_2_Handler
                0x9d002f90      0x120 build/default/production/_ext/1171490990/interrupts.o
                0x9d002f90                UART_2_Handler

.text.UART1_Write
                0x9d0030b0      0x10c
 .text.UART1_Write
                0x9d0030b0      0x10c build/default/production/_ext/1865657120/plib_uart1.o
                0x9d0030b0                UART1_Write

.text.UART2_Write
                0x9d0031bc      0x10c
 .text.UART2_Write
                0x9d0031bc      0x10c build/default/production/_ext/1865657120/plib_uart2.o
                0x9d0031bc                UART2_Write

.text.includeSubStr
                0x9d0032c8      0x10c
 .text.includeSubStr
                0x9d0032c8      0x10c build/default/production/_ext/1360937237/main.o
                0x9d0032c8                includeSubStr

.text.UART1_TxPullByte
                0x9d0033d4      0x104
 .text.UART1_TxPullByte
                0x9d0033d4      0x104 build/default/production/_ext/1865657120/plib_uart1.o

.text.UART2_TxPullByte
                0x9d0034d8      0x104
 .text.UART2_TxPullByte
                0x9d0034d8      0x104 build/default/production/_ext/1865657120/plib_uart2.o

.text.UART1_TX_InterruptHandler
                0x9d0035dc      0x100
 .text.UART1_TX_InterruptHandler
                0x9d0035dc      0x100 build/default/production/_ext/1865657120/plib_uart1.o

.text.UART2_TX_InterruptHandler
                0x9d0036dc      0x100
 .text.UART2_TX_InterruptHandler
                0x9d0036dc      0x100 build/default/production/_ext/1865657120/plib_uart2.o

.text.UART1_ReadNotificationSend
                0x9d0037dc       0xfc
 .text.UART1_ReadNotificationSend
                0x9d0037dc       0xfc build/default/production/_ext/1865657120/plib_uart1.o

.text.UART1_TxPushByte
                0x9d0038d8       0xfc
 .text.UART1_TxPushByte
                0x9d0038d8       0xfc build/default/production/_ext/1865657120/plib_uart1.o

.text.UART2_ReadNotificationSend
                0x9d0039d4       0xfc
 .text.UART2_ReadNotificationSend
                0x9d0039d4       0xfc build/default/production/_ext/1865657120/plib_uart2.o

.text.UART2_TxPushByte
                0x9d003ad0       0xfc
 .text.UART2_TxPushByte
                0x9d003ad0       0xfc build/default/production/_ext/1865657120/plib_uart2.o

.text.UART3_Initialize
                0x9d003bcc       0xf4
 .text.UART3_Initialize
                0x9d003bcc       0xf4 build/default/production/_ext/1865657120/plib_uart3.o
                0x9d003bcc                UART3_Initialize

.text.UART1_WriteNotificationSend
                0x9d003cc0       0xf0
 .text.UART1_WriteNotificationSend
                0x9d003cc0       0xf0 build/default/production/_ext/1865657120/plib_uart1.o

.text.UART2_WriteNotificationSend
                0x9d003db0       0xf0
 .text.UART2_WriteNotificationSend
                0x9d003db0       0xf0 build/default/production/_ext/1865657120/plib_uart2.o

.text.calculateLRC
                0x9d003ea0       0xe0
 .text.calculateLRC
                0x9d003ea0       0xe0 build/default/production/_ext/1360937237/main.o

.text.general_exception
                0x9d003f80       0xdc
 .text.general_exception
                0x9d003f80       0xdc c:/program files/microchip/xc32/v1.40/bin/bin/../../lib/gcc/pic32mx/4.8.3/../../../../pic32mx/lib\libpic32.a(general-exception.o)
                0x9d003f80                _general_exception_context

.text.UART3_Read
                0x9d00405c       0xd8
 .text.UART3_Read
                0x9d00405c       0xd8 build/default/production/_ext/1865657120/plib_uart3.o
                0x9d00405c                UART3_Read

.text.UART_1_InterruptHandler
                0x9d004134       0xd0
 .text.UART_1_InterruptHandler
                0x9d004134       0xd0 build/default/production/_ext/1865657120/plib_uart1.o
                0x9d004134                UART_1_InterruptHandler

.text.SYS_Initialize
                0x9d004204       0xcc
 .text.SYS_Initialize
                0x9d004204       0xcc build/default/production/_ext/1171490990/initialization.o
                0x9d004204                SYS_Initialize

.text.UART_3_InterruptHandler
                0x9d0042d0       0xb8
 .text.UART_3_InterruptHandler
                0x9d0042d0       0xb8 build/default/production/_ext/1865657120/plib_uart3.o
                0x9d0042d0                UART_3_InterruptHandler

.text.UART_2_InterruptHandler
                0x9d004388       0xb8
 .text.UART_2_InterruptHandler
                0x9d004388       0xb8 build/default/production/_ext/1865657120/plib_uart2.o
                0x9d004388                UART_2_InterruptHandler

.text.UART3_ErrorClear
                0x9d004440       0xac
 .text.UART3_ErrorClear
                0x9d004440       0xac build/default/production/_ext/1865657120/plib_uart3.o

.text.UART1_ErrorClear
                0x9d0044ec       0xac
 .text.UART1_ErrorClear
                0x9d0044ec       0xac build/default/production/_ext/1865657120/plib_uart1.o

.text.UART2_ErrorClear
                0x9d004598       0xac
 .text.UART2_ErrorClear
                0x9d004598       0xac build/default/production/_ext/1865657120/plib_uart2.o

.text.UART3_FAULT_InterruptHandler
                0x9d004644       0xa4
 .text.UART3_FAULT_InterruptHandler
                0x9d004644       0xa4 build/default/production/_ext/1865657120/plib_uart3.o

.text.UART1_ReadCountGet
                0x9d0046e8       0x90
 .text.UART1_ReadCountGet
                0x9d0046e8       0x90 build/default/production/_ext/1865657120/plib_uart1.o
                0x9d0046e8                UART1_ReadCountGet

.text.UART1_WritePendingBytesGet
                0x9d004778       0x90
 .text.UART1_WritePendingBytesGet
                0x9d004778       0x90 build/default/production/_ext/1865657120/plib_uart1.o

.text.UART2_ReadCountGet
                0x9d004808       0x90
 .text.UART2_ReadCountGet
                0x9d004808       0x90 build/default/production/_ext/1865657120/plib_uart2.o
                0x9d004808                UART2_ReadCountGet

.text.UART2_WritePendingBytesGet
                0x9d004898       0x90
 .text.UART2_WritePendingBytesGet
                0x9d004898       0x90 build/default/production/_ext/1865657120/plib_uart2.o

.text.UART1_FAULT_InterruptHandler
                0x9d004928       0x84
 .text.UART1_FAULT_InterruptHandler
                0x9d004928       0x84 build/default/production/_ext/1865657120/plib_uart1.o

.text.UART2_FAULT_InterruptHandler
                0x9d0049ac       0x84
 .text.UART2_FAULT_InterruptHandler
                0x9d0049ac       0x84 build/default/production/_ext/1865657120/plib_uart2.o

.text.CORETIMER_Start
                0x9d004a30       0x78
 .text.CORETIMER_Start
                0x9d004a30       0x78 build/default/production/_ext/1249264884/plib_coretimer.o
                0x9d004a30                CORETIMER_Start

.text.UART1_RX_InterruptHandler
                0x9d004aa8       0x78
 .text.UART1_RX_InterruptHandler
                0x9d004aa8       0x78 build/default/production/_ext/1865657120/plib_uart1.o

.text.UART2_RX_InterruptHandler
                0x9d004b20       0x78
 .text.UART2_RX_InterruptHandler
                0x9d004b20       0x78 build/default/production/_ext/1865657120/plib_uart2.o

.text.CORETIMER_DelayUs
                0x9d004b98       0x68
 .text.CORETIMER_DelayUs
                0x9d004b98       0x68 build/default/production/_ext/1249264884/plib_coretimer.o
                0x9d004b98                CORETIMER_DelayUs

.text.CORETIMER_Initialize
                0x9d004c00       0x58
 .text.CORETIMER_Initialize
                0x9d004c00       0x58 build/default/production/_ext/1249264884/plib_coretimer.o
                0x9d004c00                CORETIMER_Initialize

.text.main_entry
                0x9d004c58       0x54
 .text.main_entry
                0x9d004c58       0x54 c:/program files/microchip/xc32/v1.40/bin/bin/../../lib/gcc/pic32mx/4.8.3/../../../../pic32mx/lib/./proc/32MX575F512H/crt0_mips32r2.o
                0x9d004c8c                __crt0_exit

.text.GPIO_Initialize
                0x9d004cac       0x54
 .text.GPIO_Initialize
                0x9d004cac       0x54 build/default/production/_ext/1865254177/plib_gpio.o
                0x9d004cac                GPIO_Initialize

.text.EVIC_Initialize
                0x9d004d00       0x50
 .text.EVIC_Initialize
                0x9d004d00       0x50 build/default/production/_ext/1865200349/plib_evic.o
                0x9d004d00                EVIC_Initialize

.dinit          0x9d004d50       0x50
 .dinit         0x9d004d50       0x50 data_init

.text.UART1_WriteFreeBufferCountGet
                0x9d004da0       0x4c
 .text.UART1_WriteFreeBufferCountGet
                0x9d004da0       0x4c build/default/production/_ext/1865657120/plib_uart1.o
                0x9d004da0                UART1_WriteFreeBufferCountGet

.text.UART2_WriteFreeBufferCountGet
                0x9d004dec       0x4c
 .text.UART2_WriteFreeBufferCountGet
                0x9d004dec       0x4c build/default/production/_ext/1865657120/plib_uart2.o
                0x9d004dec                UART2_WriteFreeBufferCountGet

.vector_default
                0x9d004e38       0x48
 .vector_default
                0x9d004e38       0x48 c:/program files/microchip/xc32/v1.40/bin/bin/../../lib/gcc/pic32mx/4.8.3/../../../../pic32mx/lib\libpic32.a(defaultinterrupt.o)
                0x9d004e38                _DefaultInterrupt

.text           0x9d004e80       0x44
 .text          0x9d004e80       0x44 c:/program files/microchip/xc32/v1.40/bin/bin/../../lib/gcc/pic32mx/4.8.3/../../../../pic32mx/lib\pic32_software_reset.o
                0x9d004e80                __pic32_software_reset

.text.CLK_Initialize
                0x9d004ec4       0x38
 .text.CLK_Initialize
                0x9d004ec4       0x38 build/default/production/_ext/60165520/plib_clk.o
                0x9d004ec4                CLK_Initialize

.text.UART1_WriteCountGet
                0x9d004efc       0x38
 .text.UART1_WriteCountGet
                0x9d004efc       0x38 build/default/production/_ext/1865657120/plib_uart1.o
                0x9d004efc                UART1_WriteCountGet

.text.UART2_WriteCountGet
                0x9d004f34       0x38
 .text.UART2_WriteCountGet
                0x9d004f34       0x38 build/default/production/_ext/1865657120/plib_uart2.o
                0x9d004f34                UART2_WriteCountGet

.text._general_exception_handler
                0x9d004f6c       0x30
 .text._general_exception_handler
                0x9d004f6c       0x30 build/default/production/_ext/1171490990/exceptions.o
                0x9d004f6c                _general_exception_handler

.text._bootstrap_exception_handler
                0x9d004f9c       0x30
 .text._bootstrap_exception_handler
                0x9d004f9c       0x30 build/default/production/_ext/1171490990/exceptions.o
                0x9d004f9c                _bootstrap_exception_handler

.text           0x9d004fcc       0x18
 .text          0x9d004fcc       0x18 c:/program files/microchip/xc32/v1.40/bin/bin/../../lib/gcc/pic32mx/4.8.3/../../../../pic32mx/lib\libpic32.a(default-nmi-handler.o)
                0x9d004fcc                _nmi_handler

.text._on_reset
                0x9d004fe4        0x8
 .text._on_reset
                0x9d004fe4        0x8 c:/program files/microchip/xc32/v1.40/bin/bin/../../lib/gcc/pic32mx/4.8.3/../../../../pic32mx/lib\libpic32.a(default-on-reset.o)
                0x9d004fe4                _on_reset

.text._on_bootstrap
                0x9d004fec        0x8
 .text._on_bootstrap
                0x9d004fec        0x8 c:/program files/microchip/xc32/v1.40/bin/bin/../../lib/gcc/pic32mx/4.8.3/../../../../pic32mx/lib\libpic32.a(default-on-bootstrap.o)
                0x9d004fec                _on_bootstrap
